OBJSHA:1a61a3fcaa8cb2ea411edec8c7dbecee796c04bb3690a4f8ff1a2cb63406ddde

DISASMSHA:93beabc71c08727d98f85a397f9f8fc63df78b3333ecb1bda073d94982fbbd87

BTFSHA:2c2e3432633d467f683ddb418b1fcc39b8685b45e87b0bd80ccb6c99cdb5c4ea

BTFEXTSHA:53bb6525796bfca36ec28a93824d23fa92eabe7bdb2573218f405ca69a77b0f4

ACCEPT

EXIT:0

libbpf: loading object from /tmp/bpfix-iso-20260807T185821Z-NP-brittle-pad32-neutral.o

libbpf: elf: section(3) socket, size 88, link 0, flags 6, type=1

libbpf: sec 'socket': found program 'np_ptr_pad32' at insn offset 0 (0 bytes), code size 11 insns (88 bytes)

libbpf: elf: section(4) .relsocket, size 16, link 26, flags 40, type=9

libbpf: elf: section(5) .maps, size 32, link 0, flags 3, type=1

libbpf: elf: section(6) license, size 4, link 0, flags 3, type=1

libbpf: license of /tmp/bpfix-iso-20260807T185821Z-NP-brittle-pad32-neutral.o is MIT

libbpf: elf: section(16) .BTF, size 721, link 0, flags 0, type=1

libbpf: elf: section(18) .BTF.ext, size 160, link 0, flags 0, type=1

libbpf: elf: section(26) .symtab, size 360, link 1, flags 0, type=2

libbpf: looking for externs among 15 symbols...

libbpf: collected 0 externs total

libbpf: map 'm': at sec_idx 5, offset 0.

libbpf: map 'm': found type = 1.

libbpf: map 'm': found key [6], sz = 4.

libbpf: map 'm': found value [9], sz = 8.

libbpf: map 'm': found max_entries = 1.

libbpf: sec '.relsocket': collecting relocation for section(3) 'socket'

libbpf: sec '.relsocket': relo #0: insn #4 against 'm'

libbpf: prog 'np_ptr_pad32': found map 0 (m, sec 5, off 0) for insn #4

libbpf: map 'm': created successfully, fd=4

libbpf: prog 'np_ptr_pad32': -- BEGIN PROG LOAD LOG --

func#0 @0

arg#0 reference type('UNKNOWN ') size cannot be determined: -22

0: R1=ctx() R10=fp0

; int np_ptr_pad32(void *ctx)

0: (b7) r6 = 0                        ; R6_w=0

; __u32 key = 0;

1: (63) *(u32 *)(r10 -4) = r6

mark_precise: frame0: last_idx 1 first_idx 0 subseq_idx -1 

mark_precise: frame0: regs=r6 stack= before 0: (b7) r6 = 0

2: R6_w=0 R10=fp0 fp-8=0000????

2: (bf) r2 = r10                      ; R2_w=fp0 R10=fp0

3: (07) r2 += -4                      ; R2_w=fp-4

; __u64 *ptr = bpf_map_lookup_elem(&m, &key);

4: (18) r1 = 0xffff8b2203e25000       ; R1_w=map_ptr(map=m,ks=4,vs=8)

6: (85) call bpf_map_lookup_elem#1    ; R0_w=map_value_or_null(id=1,map=m,ks=4,vs=8)

; if (!ptr)

7: (15) if r0 == 0x0 goto pc+1        ; R0_w=map_value(map=m,ks=4,vs=8)

; return *ptr;

8: (79) r6 = *(u64 *)(r0 +0)          ; R0=map_value(map=m,ks=4,vs=8) R6=scalar()

; }

9: (bf) r0 = r6                       ; R0_w=scalar(id=2) R6=scalar(id=2)

10: (95) exit



from 7 to 9: safe

verification time 139 usec

stack depth 8

processed 11 insns (limit 1000000) max_states_per_insn 0 total_states 1 peak_states 1 mark_read 1

-- END PROG LOAD LOG --

