ACCEPT

EXIT:0

libbpf: collected 0 externs total

libbpf: map 'm': at sec_idx 5, offset 0.

libbpf: map 'm': found type = 1.

libbpf: map 'm': found key [6], sz = 4.

libbpf: map 'm': found value [9], sz = 8.

libbpf: map 'm': found max_entries = 1.

libbpf: sec '.relsocket': collecting relocation for section(3) 'socket'

libbpf: sec '.relsocket': relo #0: insn #4 against 'm'

libbpf: prog 'np_entry': found map 0 (m, sec 5, off 0) for insn #4

libbpf: map 'm': created successfully, fd=4

libbpf: prog 'np_entry': -- BEGIN PROG LOAD LOG --

func#0 @0

arg#0 reference type('UNKNOWN ') size cannot be determined: -22

0: R1=ctx() R10=fp0

; int np_entry(void *ctx)

0: (b7) r1 = 0                        ; R1_w=0

; __u32 key = 0;

1: (63) *(u32 *)(r10 -4) = r1

mark_precise: frame0: last_idx 1 first_idx 0 subseq_idx -1 

mark_precise: frame0: regs=r1 stack= before 0: (b7) r1 = 0

2: R1_w=0 R10=fp0 fp-8=0000????

2: (bf) r2 = r10                      ; R2_w=fp0 R10=fp0

3: (07) r2 += -4                      ; R2_w=fp-4

; __u64 *entry = bpf_map_lookup_elem(&m, &key);

4: (18) r1 = 0xffff8b202e1a4400       ; R1_w=map_ptr(map=m,ks=4,vs=8)

6: (85) call bpf_map_lookup_elem#1    ; R0_w=map_value_or_null(id=1,map=m,ks=4,vs=8)

7: (bf) r1 = r0                       ; R0_w=map_value_or_null(id=1,map=m,ks=4,vs=8) R1_w=map_value_or_null(id=1,map=m,ks=4,vs=8)

8: (18) r0 = 0xffffffff               ; R0_w=0xffffffff

; if (!entry) {

10: (15) if r1 == 0x0 goto pc+1       ; R1_w=map_value(map=m,ks=4,vs=8)

; return *entry;

11: (79) r0 = *(u64 *)(r1 +0)         ; R0=scalar() R1=map_value(map=m,ks=4,vs=8)

; }

12: (95) exit



from 10 to 12: safe

verification time 145 usec

stack depth 8

processed 12 insns (limit 1000000) max_states_per_insn 0 total_states 1 peak_states 1 mark_read 1

-- END PROG LOAD LOG --

