OBJSHA:64a5e8fabfd873db44d1fc6f7a6e6d441b174250ce3d7a5ad359df73a3b0a5e8

DISASMSHA:92685012ba962e4b93d2e9a7dcd18ca5a05a04c6f11107ae672717d65441f3a7

BTFSHA:a5328500f37c7b23201fc45891625c3a29f6daac37a856071354dd31aceb4cbc

BTFEXTSHA:fb96d43f6c5cbbe5d9dac2496b4a25e544d519c19535329b52d5fc3d569811cd

REJECT

EXIT:255

libbpf: loading object from /tmp/bpfix-iso-20260807T185821Z-PB-pad8-bearing.o

libbpf: elf: section(3) xdp, size 64, link 0, flags 6, type=1

libbpf: sec 'xdp': found program 'pb_pad8' at insn offset 0 (0 bytes), code size 8 insns (64 bytes)

libbpf: elf: section(4) license, size 4, link 0, flags 3, type=1

libbpf: license of /tmp/bpfix-iso-20260807T185821Z-PB-pad8-bearing.o is MIT

libbpf: elf: section(14) .BTF, size 671, link 0, flags 0, type=1

libbpf: elf: section(16) .BTF.ext, size 176, link 0, flags 0, type=1

libbpf: elf: section(24) .symtab, size 336, link 1, flags 0, type=2

libbpf: looking for externs among 14 symbols...

libbpf: collected 0 externs total

libbpf: prog 'pb_pad8': BPF program load failed: Permission denied

libbpf: prog 'pb_pad8': -- BEGIN PROG LOAD LOG --

func#0 @0

0: R1=ctx() R10=fp0

; int pb_pad8(struct xdp_md *ctx)

0: (b7) r0 = 1                        ; R0_w=1

; void *data_end = (void *)(long)ctx->data_end;

1: (61) r2 = *(u32 *)(r1 +4)          ; R1=ctx() R2_w=pkt_end()

; void *data = (void *)(long)ctx->data;

2: (61) r1 = *(u32 *)(r1 +0)          ; R1_w=pkt(r=0)

; if (data + 1 > data_end)

3: (bf) r3 = r1                       ; R1_w=pkt(r=0) R3_w=pkt(r=0)

4: (07) r3 += 1                       ; R3_w=pkt(off=1,r=0)

; if (data + 1 > data_end)

5: (2d) if r3 > r2 goto pc+1          ; R2_w=pkt_end() R3_w=pkt(off=1,r=1)

; return *(__u64 *)data;

6: (79) r0 = *(u64 *)(r1 +0)

invalid access to packet, off=0 size=8, R1(id=0,off=0,r=1)

R1 offset is outside of the packet

verification time 53 usec

stack depth 0

processed 7 insns (limit 1000000) max_states_per_insn 0 total_states 0 peak_states 0 mark_read 0

-- END PROG LOAD LOG --

libbpf: prog 'pb_pad8': failed to load: -13

libbpf: failed to load object '/tmp/bpfix-iso-20260807T185821Z-PB-pad8-bearing.o'

Error: failed to load object file

