OBJSHA:6b8a087abb0df5d1e56ff7074ade8540508e8f3680cbcfc91bb1ad63b0aa7e17

DISASMSHA:22da557326801f2ea751ae0d40845809d8ec778e1be54bb8b63116e4e149838f

BTFSHA:8ffc0280a05eb1751cfc51d19a7a79d32905a21373983f0b41ba0c379fc202fc

BTFEXTSHA:1f6be3a06a87ea98398188ee1f95f5e59878ce5b0e13f5888c6ee2174eefe35a

REJECT

EXIT:255

libbpf: loading object from /tmp/bpfix-iso-20260807T185821Z-SR-pad0-bearing.o

libbpf: elf: section(3) socket, size 72, link 0, flags 6, type=1

libbpf: sec 'socket': found program 'sr_pad0' at insn offset 0 (0 bytes), code size 9 insns (72 bytes)

libbpf: elf: section(4) .relsocket, size 16, link 26, flags 40, type=9

libbpf: elf: section(5) .rodata.cst32, size 32, link 0, flags 12, type=1

libbpf: elf: section(6) license, size 4, link 0, flags 3, type=1

libbpf: license of /tmp/bpfix-iso-20260807T185821Z-SR-pad0-bearing.o is MIT

libbpf: elf: section(16) .BTF, size 352, link 0, flags 0, type=1

libbpf: elf: section(18) .BTF.ext, size 112, link 0, flags 0, type=1

libbpf: elf: section(26) .symtab, size 336, link 1, flags 0, type=2

libbpf: looking for externs among 14 symbols...

libbpf: collected 0 externs total

libbpf: map '.rodata.cst32' (global data): at sec_idx 5, offset 0, flags 80.

libbpf: map 0 is ".rodata.cst32"

libbpf: sec '.relsocket': collecting relocation for section(3) 'socket'

libbpf: sec '.relsocket': relo #0: insn #4 against '.rodata.cst32'

libbpf: prog 'sr_pad0': found data map 0 (.rodata.cst32, sec 5, off 0) for insn 4

libbpf: map '.rodata.cst32': created successfully, fd=4

libbpf: prog 'sr_pad0': BPF program load failed: Permission denied

libbpf: prog 'sr_pad0': -- BEGIN PROG LOAD LOG --

func#0 @0

arg#0 reference type('UNKNOWN ') size cannot be determined: -22

0: R1=ctx() R10=fp0

; __u32 idx = bpf_get_prandom_u32();

0: (85) call bpf_get_prandom_u32#7    ; R0_w=scalar()

; return stack[idx];

1: (67) r0 <<= 32                     ; R0_w=scalar(smax=0x7fffffff00000000,umax=0xffffffff00000000,smin32=0,smax32=umax32=0,var_off=(0x0; 0xffffffff00000000))

2: (77) r0 >>= 32                     ; R0_w=scalar(smin=0,smax=umax=0xffffffff,var_off=(0x0; 0xffffffff))

3: (67) r0 <<= 3                      ; R0_w=scalar(smin=0,smax=umax=0x7fffffff8,smax32=0x7ffffff8,umax32=0xfffffff8,var_off=(0x0; 0x7fffffff8))

4: (18) r1 = 0xffff8b2071f4a150       ; R1_w=map_value(map=.rodata.cst32,ks=4,vs=32)

6: (0f) r1 += r0

mark_precise: frame0: last_idx 6 first_idx 0 subseq_idx -1 

mark_precise: frame0: regs=r0 stack= before 4: (18) r1 = 0xffff8b2071f4a150

mark_precise: frame0: regs=r0 stack= before 3: (67) r0 <<= 3

mark_precise: frame0: regs=r0 stack= before 2: (77) r0 >>= 32

mark_precise: frame0: regs=r0 stack= before 1: (67) r0 <<= 32

mark_precise: frame0: regs=r0 stack= before 0: (85) call bpf_get_prandom_u32#7

7: R0_w=scalar(smin=0,smax=umax=0x7fffffff8,smax32=0x7ffffff8,umax32=0xfffffff8,var_off=(0x0; 0x7fffffff8)) R1_w=map_value(map=.rodata.cst32,ks=4,vs=32,smin=0,smax=umax=0x7fffffff8,smax32=0x7ffffff8,umax32=0xfffffff8,var_off=(0x0; 0x7fffffff8))

7: (79) r0 = *(u64 *)(r1 +0)

R1 unbounded memory access, make sure to bounds check any such access

verification time 67 usec

stack depth 0

processed 7 insns (limit 1000000) max_states_per_insn 0 total_states 0 peak_states 0 mark_read 0

-- END PROG LOAD LOG --

libbpf: prog 'sr_pad0': failed to load: -13

libbpf: failed to load object '/tmp/bpfix-iso-20260807T185821Z-SR-pad0-bearing.o'

Error: failed to load object file

